Fetching distribution.
Downloading https://services.gradle.org/distributions/gradle-9.5.1-bin.zip
.............10%.............20%..............30%.............40%.............50%..............60%.............70%..............80%.............90%.............100%

Welcome to Gradle 9.5.1!

Here are the highlights of this release:
 - Task provenance in reports and failure messages
 - Type-safe accessors for precompiled Kotlin Settings plugins

For more details see https://docs.gradle.org/9.5.1/release-notes.html

To honour the JVM settings for this build a single-use Daemon process will be forked. For more on this, please refer to https://docs.gradle.org/9.5.1/userguide/gradle_daemon.html#sec:disabling_the_daemon in the Gradle documentation.
Daemon will be stopped at the end of the build 
> Task :common:compileJava
> Task :common:processResources
> Task :common:classes
> Task :common:jar
> Task :common:compileTestFixturesJava
> Task :common:processTestFixturesResources NO-SOURCE
> Task :common:testFixturesClasses
> Task :common:testFixturesJar
> Task :worker-app:compileJava
> Task :worker-app:bootBuildInfo
> Task :worker-app:processResources
> Task :worker-app:classes
> Task :worker-app:compileTestJava
> Task :worker-app:processTestResources
> Task :worker-app:testClasses

> Task :worker-app:test

ExternalV41BundleContractTest > fixtureCanTraversePinnedLoader(Path) SKIPPED

ExternalV41BundleContractTest > verifiesFinalBundleOrPrintsIndependentGoldenValues() STANDARD_OUT
    V4_1_JAVA_PROBE=PASS
    V4_1_JAVA_EXPECTED_FULL_CHANCE=0.8128253142730959
    V4_1_JAVA_EXPECTED_SEATS=6.1348094202549195
    V4_1_JAVA_GOLDEN_VECTOR_DIGEST=b98eafcef2803d8792cc1005fef642f78d8e9e7a61cf046ae06b9f2fb4e0ecda
    V4_1_JAVA_IDENTITY_DIGEST=9bb1a5ac22a317931d409f98cb5e9b1935c1b346ae86e4ba05d084614c863632

ExternalV41BundleContractTest > verifiesFinalBundleOrPrintsIndependentGoldenValues() PASSED

ExternalV41FeatureParityTest > exactDesignMatrixMatchesTheExporterFixture() STANDARD_OUT
    V4_1_JAVA_FEATURE_PARITY=PASS

ExternalV41FeatureParityTest > exactDesignMatrixMatchesTheExporterFixture() PASSED

BUILD SUCCESSFUL in 1m 12s
11 actionable tasks: 11 executed
Consider enabling configuration cache to speed up this build: https://docs.gradle.org/9.5.1/userguide/configuration_cache_enabling.html
